I'm sorry, but errors were detected in your script. Please correct the
errors listed below, and try again.


File "game/script.rpy", line 381: end of line expected.
    show dolnik base at dolnik_position; dolnik_zoom
                                       ^

Ren'Py Version: Ren'Py 8.3.7.25031702
Fri May  2 19:18:34 2025
